// Jest Snapshot v1, https://goo.gl/fbAQLP

exports[`ViewModeContainer renders correctly 1`] = `
<styled.div>
  <Styled(Link)
    to="/journals"
  >
    Back to journal entries
  </Styled(Link)>
  <h2
    id="journalHeader"
  >
    No title!
  </h2>
  <hr />
  <div
    className="rowCenter"
  >
    <withRouter(Connect(WeatherStampContainer))
      id="placeholderId"
    />
  </div>
  <div
    className="rowCenter"
  >
    <Styled(Styled(styled.textarea))
      cols="100"
      disabled={true}
      id="entry"
      rows="30"
      value="No entry!"
    />
  </div>
</styled.div>
`;
